Partition Merge report for mds_img_manipulation
Sun May 19 13:25:14 2013
Quartus II 64-Bit Version 12.1 Build 177 11/07/2012 SJ Full Version


---------------------
; Table of Contents ;
---------------------
  1. Legal Notice
  2. Partition Merge Summary
  3. Partition Merge Netlist Types Used
  4. Connections to In-System Debugging Instance "auto_signaltap_0"
  5. Partition Merge Partition Statistics
  6. Partition Merge Resource Usage Summary
  7. Partition Merge RAM Summary
  8. Partition Merge DSP Block Usage Summary
  9. Partition Merge Messages



----------------
; Legal Notice ;
----------------
Copyright (C) 1991-2012 Altera Corporation
Your use of Altera Corporation's design tools, logic functions 
and other software and tools, and its AMPP partner logic 
functions, and any output files from any of the foregoing 
(including device programming or simulation files), and any 
associated documentation or information are expressly subject 
to the terms and conditions of the Altera Program License 
Subscription Agreement, Altera MegaCore Function License 
Agreement, or other applicable license agreement, including, 
without limitation, that your use is for the sole purpose of 
programming logic devices manufactured by Altera and sold by 
Altera or its authorized distributors.  Please refer to the 
applicable agreement for further details.



+--------------------------------------------------------------------------------+
; Partition Merge Summary                                                        ;
+------------------------------------+-------------------------------------------+
; Partition Merge Status             ; Successful - Sun May 19 13:25:14 2013     ;
; Quartus II 64-Bit Version          ; 12.1 Build 177 11/07/2012 SJ Full Version ;
; Revision Name                      ; mds_img_manipulation                      ;
; Top-level Entity Name              ; sys_top                                   ;
; Family                             ; Cyclone II                                ;
; Total logic elements               ; 5,944                                     ;
;     Total combinational functions  ; 4,426                                     ;
;     Dedicated logic registers      ; 3,604                                     ;
; Total registers                    ; 3604                                      ;
; Total pins                         ; 128                                       ;
; Total virtual pins                 ; 0                                         ;
; Total memory bits                  ; 162,888                                   ;
; Embedded Multiplier 9-bit elements ; 24                                        ;
; Total PLLs                         ; 1                                         ;
+------------------------------------+-------------------------------------------+


+-------------------------------------------------------------------------------------------------------------------------------+
; Partition Merge Netlist Types Used                                                                                            ;
+--------------------------------+----------------+-------------------+------------------------+--------------------------------+
; Partition Name                 ; Partition Type ; Netlist Type Used ; Netlist Type Requested ; Partition Contents             ;
+--------------------------------+----------------+-------------------+------------------------+--------------------------------+
; Top                            ; User-created   ; Source File       ; Post-Fit               ;                                ;
; sld_hub:auto_hub               ; Auto-generated ; Post-Synthesis    ; Post-Synthesis         ; sld_hub:auto_hub               ;
; sld_signaltap:auto_signaltap_0 ; Auto-generated ; Post-Synthesis    ; Post-Synthesis         ; sld_signaltap:auto_signaltap_0 ;
; hard_block:auto_generated_inst ; Auto-generated ; Source File       ; Source File            ; hard_block:auto_generated_inst ;
+--------------------------------+----------------+-------------------+------------------------+--------------------------------+


+--------------------------------------------------------------------------------------------------------------+
; Connections to In-System Debugging Instance "auto_signaltap_0"                                               ;
+----------------+--------------+-----------+----------------+-------------------+-------------------+---------+
; Name           ; Type         ; Status    ; Partition Name ; Netlist Type Used ; Actual Connection ; Details ;
+----------------+--------------+-----------+----------------+-------------------+-------------------+---------+
; dram_dq~0      ; post-fitting ; connected ; Top            ; post-synthesis    ; dram_dq~0         ; N/A     ;
; dram_dq~0      ; post-fitting ; connected ; Top            ; post-synthesis    ; dram_dq~0         ; N/A     ;
; dram_dq~1      ; post-fitting ; connected ; Top            ; post-synthesis    ; dram_dq~1         ; N/A     ;
; dram_dq~1      ; post-fitting ; connected ; Top            ; post-synthesis    ; dram_dq~1         ; N/A     ;
; dram_dq~10     ; post-fitting ; connected ; Top            ; post-synthesis    ; dram_dq~10        ; N/A     ;
; dram_dq~10     ; post-fitting ; connected ; Top            ; post-synthesis    ; dram_dq~10        ; N/A     ;
; dram_dq~11     ; post-fitting ; connected ; Top            ; post-synthesis    ; dram_dq~11        ; N/A     ;
; dram_dq~11     ; post-fitting ; connected ; Top            ; post-synthesis    ; dram_dq~11        ; N/A     ;
; dram_dq~12     ; post-fitting ; connected ; Top            ; post-synthesis    ; dram_dq~12        ; N/A     ;
; dram_dq~12     ; post-fitting ; connected ; Top            ; post-synthesis    ; dram_dq~12        ; N/A     ;
; dram_dq~13     ; post-fitting ; connected ; Top            ; post-synthesis    ; dram_dq~13        ; N/A     ;
; dram_dq~13     ; post-fitting ; connected ; Top            ; post-synthesis    ; dram_dq~13        ; N/A     ;
; dram_dq~14     ; post-fitting ; connected ; Top            ; post-synthesis    ; dram_dq~14        ; N/A     ;
; dram_dq~14     ; post-fitting ; connected ; Top            ; post-synthesis    ; dram_dq~14        ; N/A     ;
; dram_dq~15     ; post-fitting ; connected ; Top            ; post-synthesis    ; dram_dq~15        ; N/A     ;
; dram_dq~15     ; post-fitting ; connected ; Top            ; post-synthesis    ; dram_dq~15        ; N/A     ;
; dram_dq~2      ; post-fitting ; connected ; Top            ; post-synthesis    ; dram_dq~2         ; N/A     ;
; dram_dq~2      ; post-fitting ; connected ; Top            ; post-synthesis    ; dram_dq~2         ; N/A     ;
; dram_dq~3      ; post-fitting ; connected ; Top            ; post-synthesis    ; dram_dq~3         ; N/A     ;
; dram_dq~3      ; post-fitting ; connected ; Top            ; post-synthesis    ; dram_dq~3         ; N/A     ;
; dram_dq~4      ; post-fitting ; connected ; Top            ; post-synthesis    ; dram_dq~4         ; N/A     ;
; dram_dq~4      ; post-fitting ; connected ; Top            ; post-synthesis    ; dram_dq~4         ; N/A     ;
; dram_dq~5      ; post-fitting ; connected ; Top            ; post-synthesis    ; dram_dq~5         ; N/A     ;
; dram_dq~5      ; post-fitting ; connected ; Top            ; post-synthesis    ; dram_dq~5         ; N/A     ;
; dram_dq~6      ; post-fitting ; connected ; Top            ; post-synthesis    ; dram_dq~6         ; N/A     ;
; dram_dq~6      ; post-fitting ; connected ; Top            ; post-synthesis    ; dram_dq~6         ; N/A     ;
; dram_dq~7      ; post-fitting ; connected ; Top            ; post-synthesis    ; dram_dq~7         ; N/A     ;
; dram_dq~7      ; post-fitting ; connected ; Top            ; post-synthesis    ; dram_dq~7         ; N/A     ;
; dram_dq~8      ; post-fitting ; connected ; Top            ; post-synthesis    ; dram_dq~8         ; N/A     ;
; dram_dq~8      ; post-fitting ; connected ; Top            ; post-synthesis    ; dram_dq~8         ; N/A     ;
; dram_dq~9      ; post-fitting ; connected ; Top            ; post-synthesis    ; dram_dq~9         ; N/A     ;
; dram_dq~9      ; post-fitting ; connected ; Top            ; post-synthesis    ; dram_dq~9         ; N/A     ;
; fpga_clk       ; post-fitting ; connected ; Top            ; post-synthesis    ; fpga_clk          ; N/A     ;
; uart_serial_in ; post-fitting ; connected ; Top            ; post-synthesis    ; uart_serial_in    ; N/A     ;
; uart_serial_in ; post-fitting ; connected ; Top            ; post-synthesis    ; uart_serial_in    ; N/A     ;
+----------------+--------------+-----------+----------------+-------------------+-------------------+---------+


+-------------------------------------------------------------------------------------------------------------------------------------------+
; Partition Merge Partition Statistics                                                                                                      ;
+---------------------------------------------+--------+------------------+--------------------------------+--------------------------------+
; Statistic                                   ; Top    ; sld_hub:auto_hub ; sld_signaltap:auto_signaltap_0 ; hard_block:auto_generated_inst ;
+---------------------------------------------+--------+------------------+--------------------------------+--------------------------------+
; Estimated Total logic elements              ; 5202   ; 156              ; 586                            ; 0                              ;
;                                             ;        ;                  ;                                ;                                ;
; Total combinational functions               ; 3986   ; 140              ; 300                            ; 0                              ;
; Logic element usage by number of LUT inputs ;        ;                  ;                                ;                                ;
;     -- 4 input functions                    ; 1579   ; 55               ; 114                            ; 0                              ;
;     -- 3 input functions                    ; 1038   ; 47               ; 108                            ; 0                              ;
;     -- <=2 input functions                  ; 1369   ; 38               ; 78                             ; 0                              ;
;                                             ;        ;                  ;                                ;                                ;
; Logic elements by mode                      ;        ;                  ;                                ;                                ;
;     -- normal mode                          ; 2794   ; 132              ; 252                            ; 0                              ;
;     -- arithmetic mode                      ; 1192   ; 8                ; 48                             ; 0                              ;
;                                             ;        ;                  ;                                ;                                ;
; Total registers                             ; 3037   ; 94               ; 473                            ; 0                              ;
;     -- Dedicated logic registers            ; 3037   ; 94               ; 473                            ; 0                              ;
;                                             ;        ;                  ;                                ;                                ;
; Virtual pins                                ; 0      ; 0                ; 0                              ; 0                              ;
; I/O pins                                    ; 128    ; 0                ; 0                              ; 0                              ;
; Embedded Multiplier 9-bit elements          ; 24     ; 0                ; 0                              ; 0                              ;
; Total memory bits                           ; 145480 ; 0                ; 17408                          ; 0                              ;
; Total RAM block bits                        ; 0      ; 0                ; 0                              ; 0                              ;
; JTAG                                        ; 1      ; 0                ; 0                              ; 0                              ;
; PLL                                         ; 0      ; 0                ; 0                              ; 1                              ;
;                                             ;        ;                  ;                                ;                                ;
; Connections                                 ;        ;                  ;                                ;                                ;
;     -- Input Connections                    ; 3139   ; 135              ; 661                            ; 1                              ;
;     -- Registered Input Connections         ; 3056   ; 105              ; 530                            ; 0                              ;
;     -- Output Connections                   ; 672    ; 125              ; 1                              ; 3138                           ;
;     -- Registered Output Connections        ; 0      ; 124              ; 0                              ; 0                              ;
;                                             ;        ;                  ;                                ;                                ;
; Internal Connections                        ;        ;                  ;                                ;                                ;
;     -- Total Connections                    ; 26978  ; 869              ; 2780                           ; 3139                           ;
;     -- Registered Connections               ; 16087  ; 619              ; 1860                           ; 0                              ;
;                                             ;        ;                  ;                                ;                                ;
; External Connections                        ;        ;                  ;                                ;                                ;
;     -- Top                                  ; 0      ; 127              ; 545                            ; 3139                           ;
;     -- sld_hub:auto_hub                     ; 127    ; 16               ; 117                            ; 0                              ;
;     -- sld_signaltap:auto_signaltap_0       ; 545    ; 117              ; 0                              ; 0                              ;
;     -- hard_block:auto_generated_inst       ; 3139   ; 0                ; 0                              ; 0                              ;
;                                             ;        ;                  ;                                ;                                ;
; Partition Interface                         ;        ;                  ;                                ;                                ;
;     -- Input Ports                          ; 6      ; 19               ; 91                             ; 1                              ;
;     -- Output Ports                         ; 110    ; 37               ; 44                             ; 4                              ;
;     -- Bidir Ports                          ; 16     ; 0                ; 0                              ; 0                              ;
;                                             ;        ;                  ;                                ;                                ;
; Registered Ports                            ;        ;                  ;                                ;                                ;
;     -- Registered Input Ports               ; 0      ; 4                ; 39                             ; 0                              ;
;     -- Registered Output Ports              ; 0      ; 26               ; 35                             ; 0                              ;
;                                             ;        ;                  ;                                ;                                ;
; Port Connectivity                           ;        ;                  ;                                ;                                ;
;     -- Input Ports driven by GND            ; 0      ; 1                ; 0                              ; 0                              ;
;     -- Output Ports driven by GND           ; 0      ; 1                ; 0                              ; 0                              ;
;     -- Input Ports driven by VCC            ; 0      ; 0                ; 0                              ; 0                              ;
;     -- Output Ports driven by VCC           ; 0      ; 0                ; 0                              ; 0                              ;
;     -- Input Ports with no Source           ; 0      ; 1                ; 35                             ; 0                              ;
;     -- Output Ports with no Source          ; 0      ; 0                ; 0                              ; 0                              ;
;     -- Input Ports with no Fanout           ; 0      ; 2                ; 40                             ; 0                              ;
;     -- Output Ports with no Fanout          ; 0      ; 15               ; 35                             ; 0                              ;
+---------------------------------------------+--------+------------------+--------------------------------+--------------------------------+
Note: Resource usage numbers presented for Partitions containing post-synthesis logic are estimates.  For Partitions containing post-fit logic, resource usage numbers are accurate based on previous placement information.  Actual Fitter results may vary depending on current Fitter Preservation Level assignments.


+------------------------------------------------------+
; Partition Merge Resource Usage Summary               ;
+---------------------------------------------+--------+
; Resource                                    ; Usage  ;
+---------------------------------------------+--------+
; Estimated Total logic elements              ; 5,944  ;
;                                             ;        ;
; Total combinational functions               ; 4426   ;
; Logic element usage by number of LUT inputs ;        ;
;     -- 4 input functions                    ; 1748   ;
;     -- 3 input functions                    ; 1193   ;
;     -- <=2 input functions                  ; 1485   ;
;                                             ;        ;
; Logic elements by mode                      ;        ;
;     -- normal mode                          ; 3178   ;
;     -- arithmetic mode                      ; 1248   ;
;                                             ;        ;
; Total registers                             ; 3604   ;
;     -- Dedicated logic registers            ; 3604   ;
;     -- I/O registers                        ; 0      ;
;                                             ;        ;
; I/O pins                                    ; 128    ;
; Total memory bits                           ; 162888 ;
; Embedded Multiplier 9-bit elements          ; 24     ;
; Total PLLs                                  ; 1      ;
;     -- PLLs                                 ; 1      ;
;                                             ;        ;
; Maximum fan-out                             ; 3106   ;
; Total fan-out                               ; 29377  ;
; Average fan-out                             ; 3.54   ;
+---------------------------------------------+--------+


+----------------------------------------------------------------------------------------------------------------------------------------------------------------------------------------------------------------------------------------------------------------------------------------------------------------------------------------+
; Partition Merge RAM Summary                                                                                                                                                                                                                                                                                                            ;
+-----------------------------------------------------------------------------------------------------------------------------------------------------------------------------------------------------------------------------------+------+------------------+--------------+--------------+--------------+--------------+-------+------+
; Name                                                                                                                                                                                                                              ; Type ; Mode             ; Port A Depth ; Port A Width ; Port B Depth ; Port B Width ; Size  ; MIF  ;
+-----------------------------------------------------------------------------------------------------------------------------------------------------------------------------------------------------------------------------------+------+------------------+--------------+--------------+--------------+--------------+-------+------+
; mds_top:inst6|disp_ctrl_top:disp_ctrl_inst|dc_fifo:dc_fifo_inst|dcfifo:dcfifo_component|dcfifo_k3n1:auto_generated|altsyncram_1p61:fifo_ram|altsyncram_dve1:altsyncram14|ALTSYNCRAM                                               ; AUTO ; True Dual Port   ; 8192         ; 8            ; 8192         ; 8            ; 65536 ; None ;
; mds_top:inst6|disp_ctrl_top:disp_ctrl_inst|general_fifo:sc_fifo_inst|altsyncram:mem_rtl_0|altsyncram_2vg1:auto_generated|ALTSYNCRAM                                                                                               ; AUTO ; Simple Dual Port ; 4864         ; 8            ; 4864         ; 8            ; 38912 ; None ;
; mds_top:inst6|img_man_top:img_man_top_inst|img_man_manager:img_man_manager_inst|ram_generic:wb_ram_inst|ram_simple:\power_sign_dec:ram_gen:0:RAM_inst|altsyncram:ram_data_rtl_0|altsyncram_utg1:auto_generated|ALTSYNCRAM         ; AUTO ; Simple Dual Port ; 1024         ; 8            ; 1024         ; 8            ; 8192  ; None ;
; mds_top:inst6|mem_mng_top:mem_mng_inst|mem_ctrl_rd:mem_ctrl_rd_inst|altera_16to8_dc_ram:ram1_inst|altsyncram:altsyncram_component|altsyncram_b4l1:auto_generated|altsyncram_t8l1:altsyncram1|ALTSYNCRAM                           ; AUTO ; True Dual Port   ; 1024         ; 8            ; 512          ; 16           ; 8192  ; None ;
; mds_top:inst6|mem_mng_top:mem_mng_inst|mem_ctrl_wr:mem_ctrl_wr_inst|altera_8to16_dc_ram:ram1_inst|altsyncram:altsyncram_component|altsyncram_a4l1:auto_generated|altsyncram_s8l1:altsyncram1|ALTSYNCRAM                           ; AUTO ; True Dual Port   ; 512          ; 16           ; 1024         ; 8            ; 8192  ; None ;
; mds_top:inst6|rx_path:rx_path_inst|ram_simple:ram_inst1|altsyncram:ram_data_rtl_0|altsyncram_utg1:auto_generated|ALTSYNCRAM                                                                                                       ; AUTO ; Simple Dual Port ; 1024         ; 8            ; 1024         ; 8            ; 8192  ; None ;
; mds_top:inst6|tx_path:tx_path_inst|general_fifo:fifo_inst1|altsyncram:mem_rtl_0|altsyncram_8ig1:auto_generated|ALTSYNCRAM                                                                                                         ; AUTO ; Simple Dual Port ; 9            ; 8            ; 9            ; 8            ; 72    ; None ;
; mds_top:inst6|tx_path:tx_path_inst|ram_simple:ram_inst1|altsyncram:ram_data_rtl_0|altsyncram_5di1:auto_generated|ALTSYNCRAM                                                                                                       ; AUTO ; Simple Dual Port ; 1024         ; 8            ; 1024         ; 8            ; 8192  ; None ;
; sld_signaltap:auto_signaltap_0|sld_signaltap_impl:sld_signaltap_body|sld_signaltap_implb:sld_signaltap_body|altsyncram:\stp_non_zero_ram_gen:stp_buffer_ram|altsyncram_is14:auto_generated|altsyncram_qgq1:altsyncram1|ALTSYNCRAM ; AUTO ; True Dual Port   ; 1024         ; 17           ; 1024         ; 17           ; 17408 ; None ;
+-----------------------------------------------------------------------------------------------------------------------------------------------------------------------------------------------------------------------------------+------+------------------+--------------+--------------+--------------+--------------+-------+------+


+-----------------------------------------------------+
; Partition Merge DSP Block Usage Summary             ;
+---------------------------------------+-------------+
; Statistic                             ; Number Used ;
+---------------------------------------+-------------+
; Simple Multipliers (9-bit)            ; 8           ;
; Simple Multipliers (18-bit)           ; 8           ;
; Embedded Multiplier Blocks            ; --          ;
; Embedded Multiplier 9-bit elements    ; 24          ;
; Signed Embedded Multipliers           ; 6           ;
; Unsigned Embedded Multipliers         ; 6           ;
; Mixed Sign Embedded Multipliers       ; 4           ;
; Variable Sign Embedded Multipliers    ; 0           ;
; Dedicated Input Shift Register Chains ; 0           ;
+---------------------------------------+-------------+
Note: number of Embedded Multiplier Blocks used is only available after a successful fit.


+--------------------------+
; Partition Merge Messages ;
+--------------------------+
Info: *******************************************************************
Info: Running Quartus II 64-Bit Partition Merge
    Info: Version 12.1 Build 177 11/07/2012 SJ Full Version
    Info: Processing started: Sun May 19 13:25:08 2013
Info: Command: quartus_cdb --read_settings_files=off --write_settings_files=off mds_img_manipulation -c mds_img_manipulation --merge=on
Warning (35010): Previously generated Fitter netlist for partition "Top" is older than current Synthesis netlist -- using the current Synthesis netlist instead to ensure that the latest source changes are included
    Info (35011): Set the option to Ignore source file changes to force the Quartus II software to always use a previously generated Fitter netlist
Info (35007): Using synthesis netlist for partition "Top"
Info (35007): Using synthesis netlist for partition "sld_hub:auto_hub"
Info (35007): Using synthesis netlist for partition "sld_signaltap:auto_signaltap_0"
Info (35024): Succesfully connected in-system debug instance "auto_signaltap_0" to all 35 required data inputs, trigger inputs, acquisition clocks, and dynamic pins
Info (35002): Resolved and merged 3 partition(s)
Info (16010): Generating hard_block partition "hard_block:auto_generated_inst"
    Info (16011): Adding 1 node(s), including 0 DDIO, 1 PLL, 0 transceiver and 0 LCELL
Info (21057): Implemented 6386 device resources after synthesis - the final resource count might be different
    Info (21058): Implemented 6 input pins
    Info (21059): Implemented 110 output pins
    Info (21060): Implemented 16 bidirectional pins
    Info (21061): Implemented 6131 logic cells
    Info (21064): Implemented 97 RAM segments
    Info (21065): Implemented 1 PLLs
    Info (21062): Implemented 24 DSP elements
Info: Quartus II 64-Bit Partition Merge was successful. 0 errors, 1 warning
    Info: Peak virtual memory: 476 megabytes
    Info: Processing ended: Sun May 19 13:25:15 2013
    Info: Elapsed time: 00:00:07
    Info: Total CPU time (on all processors): 00:00:02


