------------------------------------------------------------
TimeQuest Timing Analyzer Summary
------------------------------------------------------------

Type  : Slow Model Setup 'inst|clk_blk_inst|pll_inst|altpll_component|pll|clk[1]'
Slack : -0.799
TNS   : -7.424

Type  : Slow Model Setup 'inst|clk_blk_inst|pll_inst|altpll_component|pll|clk[0]'
Slack : 0.788
TNS   : 0.000

Type  : Slow Model Setup 'inst|clk_blk_inst|pll_inst|altpll_component|pll|clk[2]'
Slack : 2.325
TNS   : 0.000

Type  : Slow Model Setup 'fpga_clk'
Slack : 14.613
TNS   : 0.000

Type  : Slow Model Hold 'fpga_clk'
Slack : 0.391
TNS   : 0.000

Type  : Slow Model Hold 'inst|clk_blk_inst|pll_inst|altpll_component|pll|clk[0]'
Slack : 0.391
TNS   : 0.000

Type  : Slow Model Hold 'inst|clk_blk_inst|pll_inst|altpll_component|pll|clk[1]'
Slack : 0.391
TNS   : 0.000

Type  : Slow Model Hold 'inst|clk_blk_inst|pll_inst|altpll_component|pll|clk[2]'
Slack : 0.391
TNS   : 0.000

Type  : Slow Model Recovery 'inst|clk_blk_inst|pll_inst|altpll_component|pll|clk[1]'
Slack : -1.252
TNS   : -1.252

Type  : Slow Model Recovery 'inst|clk_blk_inst|pll_inst|altpll_component|pll|clk[0]'
Slack : -1.146
TNS   : -2.292

Type  : Slow Model Recovery 'inst|clk_blk_inst|pll_inst|altpll_component|pll|clk[2]'
Slack : 0.693
TNS   : 0.000

Type  : Slow Model Recovery 'fpga_clk'
Slack : 17.789
TNS   : 0.000

Type  : Slow Model Removal 'inst|clk_blk_inst|pll_inst|altpll_component|pll|clk[2]'
Slack : 1.032
TNS   : 0.000

Type  : Slow Model Removal 'fpga_clk'
Slack : 1.446
TNS   : 0.000

Type  : Slow Model Removal 'inst|clk_blk_inst|pll_inst|altpll_component|pll|clk[1]'
Slack : 1.460
TNS   : 0.000

Type  : Slow Model Removal 'inst|clk_blk_inst|pll_inst|altpll_component|pll|clk[0]'
Slack : 3.416
TNS   : 0.000

Type  : Slow Model Minimum Pulse Width 'inst|clk_blk_inst|pll_inst|altpll_component|pll|clk[0]'
Slack : 1.623
TNS   : 0.000

Type  : Slow Model Minimum Pulse Width 'inst|clk_blk_inst|pll_inst|altpll_component|pll|clk[1]'
Slack : 2.873
TNS   : 0.000

Type  : Slow Model Minimum Pulse Width 'fpga_clk'
Slack : 7.620
TNS   : 0.000

Type  : Slow Model Minimum Pulse Width 'inst|clk_blk_inst|pll_inst|altpll_component|pll|clk[2]'
Slack : 10.373
TNS   : 0.000

Type  : Slow Model Minimum Pulse Width 'altera_reserved_tck'
Slack : 97.778
TNS   : 0.000

Type  : Fast Model Setup 'inst|clk_blk_inst|pll_inst|altpll_component|pll|clk[0]'
Slack : 1.699
TNS   : 0.000

Type  : Fast Model Setup 'inst|clk_blk_inst|pll_inst|altpll_component|pll|clk[1]'
Slack : 1.921
TNS   : 0.000

Type  : Fast Model Setup 'inst|clk_blk_inst|pll_inst|altpll_component|pll|clk[2]'
Slack : 3.690
TNS   : 0.000

Type  : Fast Model Setup 'fpga_clk'
Slack : 17.543
TNS   : 0.000

Type  : Fast Model Hold 'fpga_clk'
Slack : 0.215
TNS   : 0.000

Type  : Fast Model Hold 'inst|clk_blk_inst|pll_inst|altpll_component|pll|clk[0]'
Slack : 0.215
TNS   : 0.000

Type  : Fast Model Hold 'inst|clk_blk_inst|pll_inst|altpll_component|pll|clk[1]'
Slack : 0.215
TNS   : 0.000

Type  : Fast Model Hold 'inst|clk_blk_inst|pll_inst|altpll_component|pll|clk[2]'
Slack : 0.215
TNS   : 0.000

Type  : Fast Model Recovery 'inst|clk_blk_inst|pll_inst|altpll_component|pll|clk[0]'
Slack : 0.193
TNS   : 0.000

Type  : Fast Model Recovery 'inst|clk_blk_inst|pll_inst|altpll_component|pll|clk[1]'
Slack : 0.356
TNS   : 0.000

Type  : Fast Model Recovery 'inst|clk_blk_inst|pll_inst|altpll_component|pll|clk[2]'
Slack : 2.396
TNS   : 0.000

Type  : Fast Model Recovery 'fpga_clk'
Slack : 18.900
TNS   : 0.000

Type  : Fast Model Removal 'inst|clk_blk_inst|pll_inst|altpll_component|pll|clk[2]'
Slack : 0.582
TNS   : 0.000

Type  : Fast Model Removal 'inst|clk_blk_inst|pll_inst|altpll_component|pll|clk[1]'
Slack : 0.770
TNS   : 0.000

Type  : Fast Model Removal 'fpga_clk'
Slack : 0.781
TNS   : 0.000

Type  : Fast Model Removal 'inst|clk_blk_inst|pll_inst|altpll_component|pll|clk[0]'
Slack : 2.023
TNS   : 0.000

Type  : Fast Model Minimum Pulse Width 'inst|clk_blk_inst|pll_inst|altpll_component|pll|clk[0]'
Slack : 1.623
TNS   : 0.000

Type  : Fast Model Minimum Pulse Width 'inst|clk_blk_inst|pll_inst|altpll_component|pll|clk[1]'
Slack : 2.873
TNS   : 0.000

Type  : Fast Model Minimum Pulse Width 'fpga_clk'
Slack : 7.620
TNS   : 0.000

Type  : Fast Model Minimum Pulse Width 'inst|clk_blk_inst|pll_inst|altpll_component|pll|clk[2]'
Slack : 10.373
TNS   : 0.000

Type  : Fast Model Minimum Pulse Width 'altera_reserved_tck'
Slack : 97.778
TNS   : 0.000

------------------------------------------------------------
